// Vitest Snapshot v1, https://vitest.dev/guide/snapshot.html

exports[`Avatar Group > snapshot 1`] = `
{
  "asFragment": [Function],
  "baseElement": <body>
    <div>
      <div
        class="avatar-group"
      >
        <div
          class="avatar"
          data-testid="avatar-0"
          role="child"
          style="width: 32px; height: 32px; font-size: 16px; margin-left: -8px;"
        >
          CT
        </div>
        <div
          class="avatar"
          data-testid="avatar-1"
          role="child"
          style="width: 32px; height: 32px; font-size: 16px; margin-left: -8px;"
        >
          LS
        </div>
        <div
          class="avatar"
          data-testid="avatar-2"
          role="child"
          style="width: 32px; height: 32px; font-size: 16px; margin-left: -8px;"
        >
          EC
        </div>
        <div
          class="avatar"
          data-testid="avatar-3"
          role="child"
          style="width: 32px; height: 32px; font-size: 16px; margin-left: -8px;"
        >
          AR
        </div>
        <div
          class="avatar"
          style="width: 32px; height: 32px; font-size: 16px; margin-left: -8px;"
        >
          +
          1
        </div>
      </div>
    </div>
  </body>,
  "container": <div>
    <div
      class="avatar-group"
    >
      <div
        class="avatar"
        data-testid="avatar-0"
        role="child"
        style="width: 32px; height: 32px; font-size: 16px; margin-left: -8px;"
      >
        CT
      </div>
      <div
        class="avatar"
        data-testid="avatar-1"
        role="child"
        style="width: 32px; height: 32px; font-size: 16px; margin-left: -8px;"
      >
        LS
      </div>
      <div
        class="avatar"
        data-testid="avatar-2"
        role="child"
        style="width: 32px; height: 32px; font-size: 16px; margin-left: -8px;"
      >
        EC
      </div>
      <div
        class="avatar"
        data-testid="avatar-3"
        role="child"
        style="width: 32px; height: 32px; font-size: 16px; margin-left: -8px;"
      >
        AR
      </div>
      <div
        class="avatar"
        style="width: 32px; height: 32px; font-size: 16px; margin-left: -8px;"
      >
        +
        1
      </div>
    </div>
  </div>,
  "debug": [Function],
  "findAllByAltText": [Function],
  "findAllByDisplayValue": [Function],
  "findAllByLabelText": [Function],
  "findAllByPlaceholderText": [Function],
  "findAllByRole": [Function],
  "findAllByTestId": [Function],
  "findAllByText": [Function],
  "findAllByTitle": [Function],
  "findByAltText": [Function],
  "findByDisplayValue": [Function],
  "findByLabelText": [Function],
  "findByPlaceholderText": [Function],
  "findByRole": [Function],
  "findByTestId": [Function],
  "findByText": [Function],
  "findByTitle": [Function],
  "getAllByAltText": [Function],
  "getAllByDisplayValue": [Function],
  "getAllByLabelText": [Function],
  "getAllByPlaceholderText": [Function],
  "getAllByRole": [Function],
  "getAllByTestId": [Function],
  "getAllByText": [Function],
  "getAllByTitle": [Function],
  "getByAltText": [Function],
  "getByDisplayValue": [Function],
  "getByLabelText": [Function],
  "getByPlaceholderText": [Function],
  "getByRole": [Function],
  "getByTestId": [Function],
  "getByText": [Function],
  "getByTitle": [Function],
  "queryAllByAltText": [Function],
  "queryAllByDisplayValue": [Function],
  "queryAllByLabelText": [Function],
  "queryAllByPlaceholderText": [Function],
  "queryAllByRole": [Function],
  "queryAllByTestId": [Function],
  "queryAllByText": [Function],
  "queryAllByTitle": [Function],
  "queryByAltText": [Function],
  "queryByDisplayValue": [Function],
  "queryByLabelText": [Function],
  "queryByPlaceholderText": [Function],
  "queryByRole": [Function],
  "queryByTestId": [Function],
  "queryByText": [Function],
  "queryByTitle": [Function],
  "rerender": [Function],
  "unmount": [Function],
}
`;
